2026-03-15 14:34:20,840 [INFO] Connected: 10401216 | FBS-Demo | Balance: 100.89
2026-03-15 14:34:23,392 [INFO] Training on 20000 candles...
2026-03-15 14:34:23,582 [INFO] Features: 37, Samples: 19981
2026-03-15 14:34:23,583 [INFO] Label distribution: {1: 7954, -1: 7813, 0: 4214}
2026-03-15 14:34:31,331 [INFO] Model saved
2026-03-15 14:34:31,332 [INFO] Training done — accuracy: 39.5%
2026-03-15 14:34:42,731 [INFO] MT5 disconnected
2026-03-15 14:34:43,234 [INFO] Loading credentials from C:\Users\James\Downloads\grid_ml_scalper_bot\grid_ml_bot\mt5_config.json
2026-03-15 14:35:50,612 [ERROR] MT5 init failed: (-10005, 'IPC timeout')
2026-03-15 14:35:50,613 [ERROR] MT5 connection failed. Check your credentials and that MT5 is running.
2026-03-15 14:37:31,440 [INFO] Loading credentials from C:\Users\James\Downloads\grid_ml_scalper_bot\grid_ml_bot\mt5_config.json
2026-03-15 14:37:32,406 [INFO] Connected: 10401216 | FBS-Demo | Balance: 100.89
2026-03-15 14:37:34,596 [INFO] Training on 10000 candles...
2026-03-15 14:37:34,726 [INFO] Features: 37, Samples: 9981
2026-03-15 14:37:34,727 [INFO] Label distribution: {0: 4152, -1: 3026, 1: 2803}
2026-03-15 14:37:38,090 [INFO] Model saved
2026-03-15 14:37:38,091 [INFO] Training done — accuracy: 58.1%
2026-03-15 14:37:38,098 [INFO] MT5 disconnected
2026-03-15 14:42:55,357 [INFO] Loading credentials from C:\Users\James\Downloads\grid_ml_scalper_bot\grid_ml_bot\mt5_config.json
2026-03-15 14:42:56,507 [INFO] Connected: 10401216 | FBS-Demo | Balance: 100.89
2026-03-15 14:42:58,958 [INFO] Training on 10000 candles...
2026-03-15 14:42:59,091 [INFO] Features: 37, Samples: 9981
2026-03-15 14:42:59,092 [INFO] Label distribution: {0: 4152, -1: 3026, 1: 2803}
2026-03-15 14:43:03,785 [INFO] Model saved
2026-03-15 14:43:03,786 [INFO] Training done — accuracy: 58.1%
2026-03-15 14:43:03,793 [INFO] MT5 disconnected
2026-03-15 14:58:21,157 [INFO] Loading credentials from C:\Users\James\Downloads\grid_ml_scalper_bot\grid_ml_bot\mt5_config.json
2026-03-15 14:58:23,968 [INFO] Connected: 10401216 | FBS-Demo | Balance: 100.89
2026-03-15 14:58:26,533 [INFO] Training on 10000 candles...
2026-03-15 14:58:26,674 [INFO] Features: 37, Samples: 9981
2026-03-15 14:58:26,675 [INFO] Label distribution: {0: 4152, -1: 3026, 1: 2803}
2026-03-15 14:58:29,929 [INFO] Model saved
2026-03-15 14:58:29,930 [INFO] Training done — accuracy: 58.1%
2026-03-15 14:58:29,937 [INFO] MT5 disconnected
2026-03-15 17:58:55,397 [INFO] Loading credentials from C:\Users\James\Downloads\grid_ml_scalper_bot\grid_ml_bot\mt5_config.json
2026-03-15 17:58:57,042 [INFO] Connected: 10401216 | FBS-Demo | Balance: 117.7
2026-03-15 17:59:00,191 [INFO] Training on 10000 candles...
2026-03-15 17:59:00,346 [INFO] Features: 37, Samples: 9981
2026-03-15 17:59:00,351 [INFO] Label distribution: {0: 4152, -1: 3026, 1: 2803}
2026-03-15 17:59:03,893 [INFO] Model saved
2026-03-15 17:59:03,893 [INFO] Training done — accuracy: 58.1%
2026-03-15 17:59:03,901 [INFO] MT5 disconnected
2026-03-15 18:05:11,714 [INFO] Loading credentials from C:\Users\James\Downloads\grid_ml_scalper_bot\grid_ml_bot\mt5_config.json
2026-03-15 18:05:12,741 [INFO] Connected: 10401216 | FBS-Demo | Balance: 117.7
2026-03-15 18:05:15,132 [INFO] Training on 20000 candles...
2026-03-15 18:05:15,273 [INFO] Features: 37, Samples: 19981
2026-03-15 18:05:15,275 [INFO] Label distribution: {0: 18904, 1: 581, -1: 496}
2026-03-15 18:05:24,339 [INFO] Model saved
2026-03-15 18:05:24,340 [INFO] Training done — accuracy: 95.5%
2026-03-15 18:05:25,940 [INFO] MT5 disconnected
2026-03-15 18:06:22,887 [INFO] Loading credentials from C:\Users\James\Downloads\grid_ml_scalper_bot\grid_ml_bot\mt5_config.json
2026-03-15 18:06:23,896 [INFO] Connected: 10401216 | FBS-Demo | Balance: 117.7
2026-03-15 18:06:26,488 [INFO] Training on 20000 candles...
2026-03-15 18:06:26,636 [INFO] Features: 37, Samples: 19981
2026-03-15 18:06:26,637 [INFO] Label distribution: {0: 18904, 1: 581, -1: 496}
2026-03-15 18:06:35,630 [INFO] Model saved
2026-03-15 18:06:35,631 [INFO] Training done — accuracy: 95.5%
2026-03-15 18:06:36,099 [INFO] MT5 disconnected
2026-03-15 18:06:36,852 [INFO] Loading credentials from C:\Users\James\Downloads\grid_ml_scalper_bot\grid_ml_bot\mt5_config.json
2026-03-15 18:06:38,234 [INFO] Connected: 10401216 | FBS-Demo | Balance: 117.7
2026-03-15 18:06:41,209 [INFO] Training on 20000 candles...
2026-03-15 18:06:41,494 [INFO] Features: 37, Samples: 19981
2026-03-15 18:06:41,495 [INFO] Label distribution: {0: 9715, -1: 5347, 1: 4919}
2026-03-15 18:06:50,006 [INFO] Model saved
2026-03-15 18:06:50,006 [INFO] Training done — accuracy: 52.6%
2026-03-15 18:06:50,511 [INFO] MT5 disconnected
2026-03-15 18:06:51,098 [INFO] Loading credentials from C:\Users\James\Downloads\grid_ml_scalper_bot\grid_ml_bot\mt5_config.json
2026-03-15 18:06:52,463 [INFO] Connected: 10401216 | FBS-Demo | Balance: 117.7
2026-03-15 18:06:55,033 [INFO] Training on 20000 candles...
2026-03-15 18:06:55,191 [INFO] Features: 37, Samples: 19981
2026-03-15 18:06:55,193 [INFO] Label distribution: {0: 18284, -1: 856, 1: 841}
2026-03-15 18:07:05,092 [INFO] Model saved
2026-03-15 18:07:05,092 [INFO] Training done — accuracy: 91.2%
2026-03-15 18:07:05,597 [INFO] MT5 disconnected
